// Jest Snapshot v1, https://goo.gl/fbAQLP

exports[`Error component renders correctly 1`] = `
<View
  style={
    Object {
      "alignItems": "center",
      "justifyContent": "center",
      "marginBottom": 10,
      "marginTop": 20,
    }
  }
>
  <Text
    accessible={true}
    allowFontScaling={true}
    ellipsizeMode="tail"
    style={
      Object {
        "color": "#FF0000",
      }
    }
  >
    The custom error message
  </Text>
</View>
`;
